// Vitest Snapshot v1, https://vitest.dev/guide/snapshot.html

exports[`utilizationOption > keeps the accepted option from the same Analyzer payload 1`] = `
{
  "grid": {
    "bottom": 30,
    "left": 46,
    "right": 16,
    "top": 30,
  },
  "legend": {
    "itemHeight": 8,
    "itemWidth": 14,
    "right": 0,
    "textStyle": {
      "color": "#a0a0a0",
      "fontSize": 12.375,
    },
    "top": 0,
  },
  "series": [
    {
      "data": [
        [
          5,
          7.3,
        ],
        [
          15,
          8.6,
        ],
        [
          25,
          8.8,
        ],
        [
          35,
          11,
        ],
        [
          45,
          13.1,
        ],
        [
          55,
          15,
        ],
        [
          65,
          16.8,
        ],
        [
          75,
          18.6,
        ],
        [
          85,
          20.4,
        ],
        [
          95,
          22.2,
        ],
        [
          105,
          24,
        ],
        [
          115,
          25.8,
        ],
        [
          125,
          27.6,
        ],
        [
          135,
          29.4,
        ],
        [
          145,
          31.1,
        ],
        [
          155,
          32.9,
        ],
        [
          165,
          34.7,
        ],
        [
          175,
          36.4,
        ],
        [
          185,
          38.1,
        ],
        [
          195,
          39.8,
        ],
        [
          205,
          41.5,
        ],
        [
          215,
          43,
        ],
        [
          225,
          44.4,
        ],
        [
          235,
          45.9,
        ],
        [
          245,
          47.2,
        ],
        [
          255,
          48.7,
        ],
        [
          265,
          50.1,
        ],
        [
          275,
          51.5,
        ],
        [
          285,
          52.8,
        ],
        [
          295,
          54.3,
        ],
        [
          305,
          55.8,
        ],
        [
          315,
          56.8,
        ],
        [
          325,
          58.2,
        ],
        [
          335,
          59.2,
        ],
        [
          345,
          60.5,
        ],
        [
          355,
          61.4,
        ],
        [
          365,
          62.7,
        ],
        [
          375,
          63.8,
        ],
        [
          385,
          65.6,
        ],
        [
          395,
          66.3,
        ],
        [
          405,
          67.4,
        ],
        [
          415,
          68.2,
        ],
        [
          425,
          69.1,
        ],
        [
          435,
          70.1,
        ],
        [
          445,
          70.9,
        ],
        [
          455,
          71.8,
        ],
        [
          465,
          72.4,
        ],
        [
          475,
          73,
        ],
        [
          485,
          72.9,
        ],
        [
          495,
          73.2,
        ],
        [
          505,
          74.1,
        ],
        [
          515,
          74.4,
        ],
        [
          525,
          74.8,
        ],
        [
          535,
          75,
        ],
        [
          545,
          75.6,
        ],
        [
          555,
          76.3,
        ],
        [
          565,
          76.6,
        ],
        [
          575,
          76.9,
        ],
        [
          585,
          77.5,
        ],
        [
          595,
          77.8,
        ],
        [
          605,
          77.8,
        ],
        [
          615,
          78.5,
        ],
        [
          625,
          78.9,
        ],
        [
          635,
          79,
        ],
        [
          645,
          78.9,
        ],
        [
          655,
          79,
        ],
        [
          665,
          78.9,
        ],
        [
          675,
          78.7,
        ],
        [
          685,
          78.6,
        ],
        [
          695,
          79,
        ],
        [
          705,
          78.9,
        ],
        [
          715,
          79.6,
        ],
        [
          725,
          79.3,
        ],
        [
          735,
          77.6,
        ],
        [
          745,
          78.5,
        ],
        [
          755,
          76.8,
        ],
        [
          765,
          76.5,
        ],
        [
          775,
          75.7,
        ],
        [
          785,
          76,
        ],
        [
          795,
          76.2,
        ],
        [
          805,
          76.5,
        ],
        [
          815,
          76.7,
        ],
        [
          825,
          76.1,
        ],
        [
          835,
          76.1,
        ],
        [
          845,
          76.4,
        ],
        [
          855,
          76.5,
        ],
        [
          865,
          76.2,
        ],
        [
          875,
          75.8,
        ],
        [
          885,
          76.2,
        ],
        [
          895,
          76.2,
        ],
        [
          905,
          75.9,
        ],
        [
          915,
          76.4,
        ],
        [
          925,
          76.7,
        ],
        [
          935,
          76.8,
        ],
        [
          945,
          77.2,
        ],
        [
          955,
          77.1,
        ],
        [
          965,
          76.8,
        ],
        [
          975,
          76.4,
        ],
        [
          985,
          77.1,
        ],
        [
          995,
          77.7,
        ],
        [
          1005,
          77.8,
        ],
        [
          1015,
          77.6,
        ],
        [
          1025,
          77.9,
        ],
        [
          1035,
          78.2,
        ],
        [
          1045,
          78.7,
        ],
        [
          1055,
          78.6,
        ],
        [
          1065,
          79,
        ],
        [
          1075,
          79.1,
        ],
        [
          1085,
          79.3,
        ],
        [
          1095,
          79.6,
        ],
        [
          1105,
          79.6,
        ],
        [
          1115,
          79.5,
        ],
        [
          1125,
          80.3,
        ],
        [
          1135,
          79.8,
        ],
        [
          1145,
          79.4,
        ],
        [
          1155,
          79.6,
        ],
        [
          1165,
          79.6,
        ],
        [
          1175,
          80.3,
        ],
        [
          1185,
          80,
        ],
        [
          1195,
          79.9,
        ],
        [
          1205,
          80,
        ],
        [
          1215,
          80.1,
        ],
        [
          1225,
          80.4,
        ],
        [
          1235,
          80.1,
        ],
        [
          1245,
          80,
        ],
        [
          1255,
          80.2,
        ],
        [
          1265,
          80,
        ],
        [
          1275,
          80.3,
        ],
        [
          1285,
          79.4,
        ],
        [
          1295,
          78.8,
        ],
        [
          1305,
          78.6,
        ],
        [
          1315,
          78.7,
        ],
        [
          1325,
          79.5,
        ],
        [
          1335,
          77.3,
        ],
        [
          1345,
          78,
        ],
        [
          1355,
          77.6,
        ],
        [
          1365,
          75.2,
        ],
        [
          1375,
          76.2,
        ],
        [
          1385,
          77,
        ],
        [
          1395,
          77.4,
        ],
        [
          1405,
          76.7,
        ],
        [
          1415,
          76.4,
        ],
        [
          1425,
          76.9,
        ],
        [
          1435,
          76.9,
        ],
        [
          1445,
          76.8,
        ],
        [
          1455,
          76.6,
        ],
        [
          1465,
          76.9,
        ],
        [
          1475,
          77.2,
        ],
        [
          1485,
          77.2,
        ],
        [
          1495,
          77.5,
        ],
        [
          1505,
          77.3,
        ],
        [
          1515,
          78,
        ],
        [
          1525,
          76.9,
        ],
        [
          1535,
          77.5,
        ],
        [
          1545,
          77.2,
        ],
        [
          1555,
          77.2,
        ],
        [
          1565,
          76.8,
        ],
        [
          1575,
          77.4,
        ],
        [
          1585,
          76.9,
        ],
        [
          1595,
          77.6,
        ],
        [
          1605,
          78.2,
        ],
        [
          1615,
          78.1,
        ],
        [
          1625,
          78.2,
        ],
        [
          1635,
          77.9,
        ],
        [
          1645,
          78,
        ],
        [
          1655,
          78,
        ],
        [
          1665,
          77.4,
        ],
        [
          1675,
          77.6,
        ],
        [
          1685,
          77.5,
        ],
        [
          1695,
          78.1,
        ],
        [
          1705,
          77.8,
        ],
        [
          1715,
          77.8,
        ],
        [
          1725,
          77.3,
        ],
        [
          1735,
          77.9,
        ],
        [
          1745,
          77.8,
        ],
        [
          1755,
          77.6,
        ],
        [
          1765,
          77.8,
        ],
        [
          1775,
          78.3,
        ],
        [
          1785,
          78.2,
        ],
        [
          1795,
          78.4,
        ],
        [
          1805,
          79.2,
        ],
        [
          1815,
          79.1,
        ],
        [
          1825,
          79.2,
        ],
        [
          1835,
          79.7,
        ],
        [
          1845,
          79.6,
        ],
        [
          1855,
          80.1,
        ],
        [
          1865,
          79.9,
        ],
        [
          1875,
          80.2,
        ],
        [
          1885,
          80,
        ],
        [
          1895,
          80.1,
        ],
        [
          1905,
          79.9,
        ],
        [
          1915,
          79.3,
        ],
        [
          1925,
          79.6,
        ],
        [
          1935,
          79.3,
        ],
        [
          1945,
          79.2,
        ],
        [
          1955,
          78,
        ],
        [
          1965,
          78.3,
        ],
        [
          1975,
          79.1,
        ],
        [
          1985,
          79.3,
        ],
        [
          1995,
          79.3,
        ],
      ],
      "emphasis": {
        "focus": "series",
        "lineStyle": {
          "opacity": 1,
          "width": 2.1,
        },
      },
      "lineStyle": {
        "color": "#8db9e2",
        "opacity": 0.42,
        "width": 1.1,
      },
      "name": "attn/0",
      "smooth": true,
      "symbol": "none",
      "type": "line",
      "z": 2,
    },
    {
      "data": [
        [
          5,
          83.9,
        ],
        [
          15,
          79.9,
        ],
        [
          25,
          77.7,
        ],
        [
          35,
          77.5,
        ],
        [
          45,
          77.8,
        ],
        [
          55,
          77.9,
        ],
        [
          65,
          77.8,
        ],
        [
          75,
          77.8,
        ],
        [
          85,
          77.8,
        ],
        [
          95,
          77.8,
        ],
        [
          105,
          77.8,
        ],
        [
          115,
          77.8,
        ],
        [
          125,
          77.8,
        ],
        [
          135,
          77.8,
        ],
        [
          145,
          77.8,
        ],
        [
          155,
          77.8,
        ],
        [
          165,
          77.7,
        ],
        [
          175,
          77.7,
        ],
        [
          185,
          77.7,
        ],
        [
          195,
          77.7,
        ],
        [
          205,
          77.6,
        ],
        [
          215,
          77.3,
        ],
        [
          225,
          76.9,
        ],
        [
          235,
          76.7,
        ],
        [
          245,
          76.1,
        ],
        [
          255,
          75.9,
        ],
        [
          265,
          75.5,
        ],
        [
          275,
          75.2,
        ],
        [
          285,
          74.8,
        ],
        [
          295,
          74.8,
        ],
        [
          305,
          74.8,
        ],
        [
          315,
          74.2,
        ],
        [
          325,
          74.1,
        ],
        [
          335,
          73.4,
        ],
        [
          345,
          73.3,
        ],
        [
          355,
          72.7,
        ],
        [
          365,
          72.7,
        ],
        [
          375,
          72.4,
        ],
        [
          385,
          72.9,
        ],
        [
          395,
          72.2,
        ],
        [
          405,
          72.1,
        ],
        [
          415,
          71.6,
        ],
        [
          425,
          71.2,
        ],
        [
          435,
          71,
        ],
        [
          445,
          70.5,
        ],
        [
          455,
          70.2,
        ],
        [
          465,
          69.9,
        ],
        [
          475,
          69.5,
        ],
        [
          485,
          68.6,
        ],
        [
          495,
          68,
        ],
        [
          505,
          68.1,
        ],
        [
          515,
          67.7,
        ],
        [
          525,
          67.2,
        ],
        [
          535,
          66.7,
        ],
        [
          545,
          66.4,
        ],
        [
          555,
          66.2,
        ],
        [
          565,
          65.7,
        ],
        [
          575,
          65.3,
        ],
        [
          585,
          65,
        ],
        [
          595,
          64.6,
        ],
        [
          605,
          64,
        ],
        [
          615,
          64.1,
        ],
        [
          625,
          63.9,
        ],
        [
          635,
          63.5,
        ],
        [
          645,
          63.1,
        ],
        [
          655,
          63,
        ],
        [
          665,
          62.9,
        ],
        [
          675,
          62.5,
        ],
        [
          685,
          62.2,
        ],
        [
          695,
          62.3,
        ],
        [
          705,
          62,
        ],
        [
          715,
          62.4,
        ],
        [
          725,
          62.3,
        ],
        [
          735,
          62.3,
        ],
        [
          745,
          63,
        ],
        [
          755,
          62.8,
        ],
        [
          765,
          63.8,
        ],
        [
          775,
          63.9,
        ],
        [
          785,
          65.4,
        ],
        [
          795,
          65.4,
        ],
        [
          805,
          65.9,
        ],
        [
          815,
          66.2,
        ],
        [
          825,
          66.2,
        ],
        [
          835,
          66.4,
        ],
        [
          845,
          67,
        ],
        [
          855,
          67,
        ],
        [
          865,
          66.2,
        ],
        [
          875,
          65.3,
        ],
        [
          885,
          65.2,
        ],
        [
          895,
          64.5,
        ],
        [
          905,
          63.8,
        ],
        [
          915,
          63.7,
        ],
        [
          925,
          63.5,
        ],
        [
          935,
          63.1,
        ],
        [
          945,
          63,
        ],
        [
          955,
          62.5,
        ],
        [
          965,
          62.1,
        ],
        [
          975,
          61.5,
        ],
        [
          985,
          61.7,
        ],
        [
          995,
          61.7,
        ],
        [
          1005,
          61.5,
        ],
        [
          1015,
          61,
        ],
        [
          1025,
          61,
        ],
        [
          1035,
          60.9,
        ],
        [
          1045,
          61.2,
        ],
        [
          1055,
          60.8,
        ],
        [
          1065,
          60.9,
        ],
        [
          1075,
          60.7,
        ],
        [
          1085,
          60.8,
        ],
        [
          1095,
          60.7,
        ],
        [
          1105,
          60.5,
        ],
        [
          1115,
          60.1,
        ],
        [
          1125,
          60.4,
        ],
        [
          1135,
          59.9,
        ],
        [
          1145,
          59.5,
        ],
        [
          1155,
          59.4,
        ],
        [
          1165,
          59.3,
        ],
        [
          1175,
          59.6,
        ],
        [
          1185,
          59.1,
        ],
        [
          1195,
          58.9,
        ],
        [
          1205,
          58.8,
        ],
        [
          1215,
          58.7,
        ],
        [
          1225,
          58.8,
        ],
        [
          1235,
          58.6,
        ],
        [
          1245,
          58.5,
        ],
        [
          1255,
          58.9,
        ],
        [
          1265,
          59.6,
        ],
        [
          1275,
          60.1,
        ],
        [
          1285,
          59.7,
        ],
        [
          1295,
          60.3,
        ],
        [
          1305,
          60.8,
        ],
        [
          1315,
          60.4,
        ],
        [
          1325,
          61.1,
        ],
        [
          1335,
          61.1,
        ],
        [
          1345,
          60.9,
        ],
        [
          1355,
          60.9,
        ],
        [
          1365,
          61.1,
        ],
        [
          1375,
          61.7,
        ],
        [
          1385,
          62.2,
        ],
        [
          1395,
          62.4,
        ],
        [
          1405,
          61.6,
        ],
        [
          1415,
          61.6,
        ],
        [
          1425,
          62.2,
        ],
        [
          1435,
          62.4,
        ],
        [
          1445,
          62.2,
        ],
        [
          1455,
          62,
        ],
        [
          1465,
          62,
        ],
        [
          1475,
          62,
        ],
        [
          1485,
          61.6,
        ],
        [
          1495,
          61.7,
        ],
        [
          1505,
          62.2,
        ],
        [
          1515,
          62.2,
        ],
        [
          1525,
          62.4,
        ],
        [
          1535,
          62.6,
        ],
        [
          1545,
          62.2,
        ],
        [
          1555,
          62,
        ],
        [
          1565,
          61.5,
        ],
        [
          1575,
          61.7,
        ],
        [
          1585,
          61.5,
        ],
        [
          1595,
          62,
        ],
        [
          1605,
          62.6,
        ],
        [
          1615,
          62.4,
        ],
        [
          1625,
          62.4,
        ],
        [
          1635,
          62,
        ],
        [
          1645,
          61.7,
        ],
        [
          1655,
          61.7,
        ],
        [
          1665,
          61.2,
        ],
        [
          1675,
          61.6,
        ],
        [
          1685,
          61.6,
        ],
        [
          1695,
          61.8,
        ],
        [
          1705,
          61.5,
        ],
        [
          1715,
          61.3,
        ],
        [
          1725,
          60.6,
        ],
        [
          1735,
          61,
        ],
        [
          1745,
          60.9,
        ],
        [
          1755,
          60.6,
        ],
        [
          1765,
          60.7,
        ],
        [
          1775,
          60.9,
        ],
        [
          1785,
          60.9,
        ],
        [
          1795,
          60.7,
        ],
        [
          1805,
          61.2,
        ],
        [
          1815,
          60.9,
        ],
        [
          1825,
          60.7,
        ],
        [
          1835,
          60.6,
        ],
        [
          1845,
          60.2,
        ],
        [
          1855,
          60.2,
        ],
        [
          1865,
          59.9,
        ],
        [
          1875,
          60,
        ],
        [
          1885,
          59.5,
        ],
        [
          1895,
          59.4,
        ],
        [
          1905,
          59.2,
        ],
        [
          1915,
          59.3,
        ],
        [
          1925,
          59.8,
        ],
        [
          1935,
          59.7,
        ],
        [
          1945,
          59.8,
        ],
        [
          1955,
          60.3,
        ],
        [
          1965,
          60.7,
        ],
        [
          1975,
          61.1,
        ],
        [
          1985,
          61.1,
        ],
        [
          1995,
          60.9,
        ],
      ],
      "emphasis": {
        "focus": "series",
        "lineStyle": {
          "opacity": 1,
          "width": 2.1,
        },
      },
      "lineStyle": {
        "color": "#f88070",
        "opacity": 0.42,
        "width": 1.1,
      },
      "name": "ffn/0",
      "smooth": true,
      "symbol": "none",
      "type": "line",
      "z": 2,
    },
    {
      "data": [
        [
          5,
          7.3,
        ],
        [
          15,
          8.6,
        ],
        [
          25,
          8.8,
        ],
        [
          35,
          11,
        ],
        [
          45,
          13.1,
        ],
        [
          55,
          15,
        ],
        [
          65,
          16.8,
        ],
        [
          75,
          18.6,
        ],
        [
          85,
          20.4,
        ],
        [
          95,
          22.2,
        ],
        [
          105,
          24,
        ],
        [
          115,
          25.8,
        ],
        [
          125,
          27.6,
        ],
        [
          135,
          29.4,
        ],
        [
          145,
          31.1,
        ],
        [
          155,
          32.9,
        ],
        [
          165,
          34.7,
        ],
        [
          175,
          36.4,
        ],
        [
          185,
          38.1,
        ],
        [
          195,
          39.8,
        ],
        [
          205,
          41.5,
        ],
        [
          215,
          43,
        ],
        [
          225,
          44.4,
        ],
        [
          235,
          45.9,
        ],
        [
          245,
          47.2,
        ],
        [
          255,
          48.7,
        ],
        [
          265,
          50.1,
        ],
        [
          275,
          51.5,
        ],
        [
          285,
          52.8,
        ],
        [
          295,
          54.3,
        ],
        [
          305,
          55.8,
        ],
        [
          315,
          56.8,
        ],
        [
          325,
          58.2,
        ],
        [
          335,
          59.2,
        ],
        [
          345,
          60.5,
        ],
        [
          355,
          61.4,
        ],
        [
          365,
          62.7,
        ],
        [
          375,
          63.8,
        ],
        [
          385,
          65.6,
        ],
        [
          395,
          66.3,
        ],
        [
          405,
          67.4,
        ],
        [
          415,
          68.2,
        ],
        [
          425,
          69.1,
        ],
        [
          435,
          70.1,
        ],
        [
          445,
          70.9,
        ],
        [
          455,
          71.8,
        ],
        [
          465,
          72.4,
        ],
        [
          475,
          73,
        ],
        [
          485,
          72.9,
        ],
        [
          495,
          73.2,
        ],
        [
          505,
          74.1,
        ],
        [
          515,
          74.4,
        ],
        [
          525,
          74.8,
        ],
        [
          535,
          75,
        ],
        [
          545,
          75.6,
        ],
        [
          555,
          76.3,
        ],
        [
          565,
          76.6,
        ],
        [
          575,
          76.9,
        ],
        [
          585,
          77.5,
        ],
        [
          595,
          77.8,
        ],
        [
          605,
          77.8,
        ],
        [
          615,
          78.5,
        ],
        [
          625,
          78.9,
        ],
        [
          635,
          79,
        ],
        [
          645,
          78.9,
        ],
        [
          655,
          79,
        ],
        [
          665,
          78.9,
        ],
        [
          675,
          78.7,
        ],
        [
          685,
          78.6,
        ],
        [
          695,
          79,
        ],
        [
          705,
          78.9,
        ],
        [
          715,
          79.6,
        ],
        [
          725,
          79.3,
        ],
        [
          735,
          77.6,
        ],
        [
          745,
          78.5,
        ],
        [
          755,
          76.8,
        ],
        [
          765,
          76.5,
        ],
        [
          775,
          75.7,
        ],
        [
          785,
          76,
        ],
        [
          795,
          76.2,
        ],
        [
          805,
          76.5,
        ],
        [
          815,
          76.7,
        ],
        [
          825,
          76.1,
        ],
        [
          835,
          76.1,
        ],
        [
          845,
          76.4,
        ],
        [
          855,
          76.5,
        ],
        [
          865,
          76.2,
        ],
        [
          875,
          75.8,
        ],
        [
          885,
          76.2,
        ],
        [
          895,
          76.2,
        ],
        [
          905,
          75.9,
        ],
        [
          915,
          76.4,
        ],
        [
          925,
          76.7,
        ],
        [
          935,
          76.8,
        ],
        [
          945,
          77.2,
        ],
        [
          955,
          77.1,
        ],
        [
          965,
          76.8,
        ],
        [
          975,
          76.4,
        ],
        [
          985,
          77.1,
        ],
        [
          995,
          77.7,
        ],
        [
          1005,
          77.8,
        ],
        [
          1015,
          77.6,
        ],
        [
          1025,
          77.9,
        ],
        [
          1035,
          78.2,
        ],
        [
          1045,
          78.7,
        ],
        [
          1055,
          78.6,
        ],
        [
          1065,
          79,
        ],
        [
          1075,
          79.1,
        ],
        [
          1085,
          79.3,
        ],
        [
          1095,
          79.6,
        ],
        [
          1105,
          79.6,
        ],
        [
          1115,
          79.5,
        ],
        [
          1125,
          80.3,
        ],
        [
          1135,
          79.8,
        ],
        [
          1145,
          79.4,
        ],
        [
          1155,
          79.6,
        ],
        [
          1165,
          79.6,
        ],
        [
          1175,
          80.3,
        ],
        [
          1185,
          80,
        ],
        [
          1195,
          79.9,
        ],
        [
          1205,
          80,
        ],
        [
          1215,
          80.1,
        ],
        [
          1225,
          80.4,
        ],
        [
          1235,
          80.1,
        ],
        [
          1245,
          80,
        ],
        [
          1255,
          80.2,
        ],
        [
          1265,
          80,
        ],
        [
          1275,
          80.3,
        ],
        [
          1285,
          79.4,
        ],
        [
          1295,
          78.8,
        ],
        [
          1305,
          78.6,
        ],
        [
          1315,
          78.7,
        ],
        [
          1325,
          79.5,
        ],
        [
          1335,
          77.3,
        ],
        [
          1345,
          78,
        ],
        [
          1355,
          77.6,
        ],
        [
          1365,
          75.2,
        ],
        [
          1375,
          76.2,
        ],
        [
          1385,
          77,
        ],
        [
          1395,
          77.4,
        ],
        [
          1405,
          76.7,
        ],
        [
          1415,
          76.4,
        ],
        [
          1425,
          76.9,
        ],
        [
          1435,
          76.9,
        ],
        [
          1445,
          76.8,
        ],
        [
          1455,
          76.6,
        ],
        [
          1465,
          76.9,
        ],
        [
          1475,
          77.2,
        ],
        [
          1485,
          77.2,
        ],
        [
          1495,
          77.5,
        ],
        [
          1505,
          77.3,
        ],
        [
          1515,
          78,
        ],
        [
          1525,
          76.9,
        ],
        [
          1535,
          77.5,
        ],
        [
          1545,
          77.2,
        ],
        [
          1555,
          77.2,
        ],
        [
          1565,
          76.8,
        ],
        [
          1575,
          77.4,
        ],
        [
          1585,
          76.9,
        ],
        [
          1595,
          77.6,
        ],
        [
          1605,
          78.2,
        ],
        [
          1615,
          78.1,
        ],
        [
          1625,
          78.2,
        ],
        [
          1635,
          77.9,
        ],
        [
          1645,
          78,
        ],
        [
          1655,
          78,
        ],
        [
          1665,
          77.4,
        ],
        [
          1675,
          77.6,
        ],
        [
          1685,
          77.5,
        ],
        [
          1695,
          78.1,
        ],
        [
          1705,
          77.8,
        ],
        [
          1715,
          77.8,
        ],
        [
          1725,
          77.3,
        ],
        [
          1735,
          77.9,
        ],
        [
          1745,
          77.8,
        ],
        [
          1755,
          77.6,
        ],
        [
          1765,
          77.8,
        ],
        [
          1775,
          78.3,
        ],
        [
          1785,
          78.2,
        ],
        [
          1795,
          78.4,
        ],
        [
          1805,
          79.2,
        ],
        [
          1815,
          79.1,
        ],
        [
          1825,
          79.2,
        ],
        [
          1835,
          79.7,
        ],
        [
          1845,
          79.6,
        ],
        [
          1855,
          80.1,
        ],
        [
          1865,
          79.9,
        ],
        [
          1875,
          80.2,
        ],
        [
          1885,
          80,
        ],
        [
          1895,
          80.1,
        ],
        [
          1905,
          79.9,
        ],
        [
          1915,
          79.3,
        ],
        [
          1925,
          79.6,
        ],
        [
          1935,
          79.3,
        ],
        [
          1945,
          79.2,
        ],
        [
          1955,
          78,
        ],
        [
          1965,
          78.3,
        ],
        [
          1975,
          79.1,
        ],
        [
          1985,
          79.3,
        ],
        [
          1995,
          79.3,
        ],
      ],
      "lineStyle": {
        "color": "#8db9e2",
        "opacity": 1,
        "width": 3.4,
      },
      "name": "attn · Pool 0 average",
      "smooth": true,
      "symbol": "none",
      "type": "line",
      "z": 4,
    },
    {
      "data": [
        [
          5,
          83.9,
        ],
        [
          15,
          79.9,
        ],
        [
          25,
          77.7,
        ],
        [
          35,
          77.5,
        ],
        [
          45,
          77.8,
        ],
        [
          55,
          77.9,
        ],
        [
          65,
          77.8,
        ],
        [
          75,
          77.8,
        ],
        [
          85,
          77.8,
        ],
        [
          95,
          77.8,
        ],
        [
          105,
          77.8,
        ],
        [
          115,
          77.8,
        ],
        [
          125,
          77.8,
        ],
        [
          135,
          77.8,
        ],
        [
          145,
          77.8,
        ],
        [
          155,
          77.8,
        ],
        [
          165,
          77.7,
        ],
        [
          175,
          77.7,
        ],
        [
          185,
          77.7,
        ],
        [
          195,
          77.7,
        ],
        [
          205,
          77.6,
        ],
        [
          215,
          77.3,
        ],
        [
          225,
          76.9,
        ],
        [
          235,
          76.7,
        ],
        [
          245,
          76.1,
        ],
        [
          255,
          75.9,
        ],
        [
          265,
          75.5,
        ],
        [
          275,
          75.2,
        ],
        [
          285,
          74.8,
        ],
        [
          295,
          74.8,
        ],
        [
          305,
          74.8,
        ],
        [
          315,
          74.2,
        ],
        [
          325,
          74.1,
        ],
        [
          335,
          73.4,
        ],
        [
          345,
          73.3,
        ],
        [
          355,
          72.7,
        ],
        [
          365,
          72.7,
        ],
        [
          375,
          72.4,
        ],
        [
          385,
          72.9,
        ],
        [
          395,
          72.2,
        ],
        [
          405,
          72.1,
        ],
        [
          415,
          71.6,
        ],
        [
          425,
          71.2,
        ],
        [
          435,
          71,
        ],
        [
          445,
          70.5,
        ],
        [
          455,
          70.2,
        ],
        [
          465,
          69.9,
        ],
        [
          475,
          69.5,
        ],
        [
          485,
          68.6,
        ],
        [
          495,
          68,
        ],
        [
          505,
          68.1,
        ],
        [
          515,
          67.7,
        ],
        [
          525,
          67.2,
        ],
        [
          535,
          66.7,
        ],
        [
          545,
          66.4,
        ],
        [
          555,
          66.2,
        ],
        [
          565,
          65.7,
        ],
        [
          575,
          65.3,
        ],
        [
          585,
          65,
        ],
        [
          595,
          64.6,
        ],
        [
          605,
          64,
        ],
        [
          615,
          64.1,
        ],
        [
          625,
          63.9,
        ],
        [
          635,
          63.5,
        ],
        [
          645,
          63.1,
        ],
        [
          655,
          63,
        ],
        [
          665,
          62.9,
        ],
        [
          675,
          62.5,
        ],
        [
          685,
          62.2,
        ],
        [
          695,
          62.3,
        ],
        [
          705,
          62,
        ],
        [
          715,
          62.4,
        ],
        [
          725,
          62.3,
        ],
        [
          735,
          62.3,
        ],
        [
          745,
          63,
        ],
        [
          755,
          62.8,
        ],
        [
          765,
          63.8,
        ],
        [
          775,
          63.9,
        ],
        [
          785,
          65.4,
        ],
        [
          795,
          65.4,
        ],
        [
          805,
          65.9,
        ],
        [
          815,
          66.2,
        ],
        [
          825,
          66.2,
        ],
        [
          835,
          66.4,
        ],
        [
          845,
          67,
        ],
        [
          855,
          67,
        ],
        [
          865,
          66.2,
        ],
        [
          875,
          65.3,
        ],
        [
          885,
          65.2,
        ],
        [
          895,
          64.5,
        ],
        [
          905,
          63.8,
        ],
        [
          915,
          63.7,
        ],
        [
          925,
          63.5,
        ],
        [
          935,
          63.1,
        ],
        [
          945,
          63,
        ],
        [
          955,
          62.5,
        ],
        [
          965,
          62.1,
        ],
        [
          975,
          61.5,
        ],
        [
          985,
          61.7,
        ],
        [
          995,
          61.7,
        ],
        [
          1005,
          61.5,
        ],
        [
          1015,
          61,
        ],
        [
          1025,
          61,
        ],
        [
          1035,
          60.9,
        ],
        [
          1045,
          61.2,
        ],
        [
          1055,
          60.8,
        ],
        [
          1065,
          60.9,
        ],
        [
          1075,
          60.7,
        ],
        [
          1085,
          60.8,
        ],
        [
          1095,
          60.7,
        ],
        [
          1105,
          60.5,
        ],
        [
          1115,
          60.1,
        ],
        [
          1125,
          60.4,
        ],
        [
          1135,
          59.9,
        ],
        [
          1145,
          59.5,
        ],
        [
          1155,
          59.4,
        ],
        [
          1165,
          59.3,
        ],
        [
          1175,
          59.6,
        ],
        [
          1185,
          59.1,
        ],
        [
          1195,
          58.9,
        ],
        [
          1205,
          58.8,
        ],
        [
          1215,
          58.7,
        ],
        [
          1225,
          58.8,
        ],
        [
          1235,
          58.6,
        ],
        [
          1245,
          58.5,
        ],
        [
          1255,
          58.9,
        ],
        [
          1265,
          59.6,
        ],
        [
          1275,
          60.1,
        ],
        [
          1285,
          59.7,
        ],
        [
          1295,
          60.3,
        ],
        [
          1305,
          60.8,
        ],
        [
          1315,
          60.4,
        ],
        [
          1325,
          61.1,
        ],
        [
          1335,
          61.1,
        ],
        [
          1345,
          60.9,
        ],
        [
          1355,
          60.9,
        ],
        [
          1365,
          61.1,
        ],
        [
          1375,
          61.7,
        ],
        [
          1385,
          62.2,
        ],
        [
          1395,
          62.4,
        ],
        [
          1405,
          61.6,
        ],
        [
          1415,
          61.6,
        ],
        [
          1425,
          62.2,
        ],
        [
          1435,
          62.4,
        ],
        [
          1445,
          62.2,
        ],
        [
          1455,
          62,
        ],
        [
          1465,
          62,
        ],
        [
          1475,
          62,
        ],
        [
          1485,
          61.6,
        ],
        [
          1495,
          61.7,
        ],
        [
          1505,
          62.2,
        ],
        [
          1515,
          62.2,
        ],
        [
          1525,
          62.4,
        ],
        [
          1535,
          62.6,
        ],
        [
          1545,
          62.2,
        ],
        [
          1555,
          62,
        ],
        [
          1565,
          61.5,
        ],
        [
          1575,
          61.7,
        ],
        [
          1585,
          61.5,
        ],
        [
          1595,
          62,
        ],
        [
          1605,
          62.6,
        ],
        [
          1615,
          62.4,
        ],
        [
          1625,
          62.4,
        ],
        [
          1635,
          62,
        ],
        [
          1645,
          61.7,
        ],
        [
          1655,
          61.7,
        ],
        [
          1665,
          61.2,
        ],
        [
          1675,
          61.6,
        ],
        [
          1685,
          61.6,
        ],
        [
          1695,
          61.8,
        ],
        [
          1705,
          61.5,
        ],
        [
          1715,
          61.3,
        ],
        [
          1725,
          60.6,
        ],
        [
          1735,
          61,
        ],
        [
          1745,
          60.9,
        ],
        [
          1755,
          60.6,
        ],
        [
          1765,
          60.7,
        ],
        [
          1775,
          60.9,
        ],
        [
          1785,
          60.9,
        ],
        [
          1795,
          60.7,
        ],
        [
          1805,
          61.2,
        ],
        [
          1815,
          60.9,
        ],
        [
          1825,
          60.7,
        ],
        [
          1835,
          60.6,
        ],
        [
          1845,
          60.2,
        ],
        [
          1855,
          60.2,
        ],
        [
          1865,
          59.9,
        ],
        [
          1875,
          60,
        ],
        [
          1885,
          59.5,
        ],
        [
          1895,
          59.4,
        ],
        [
          1905,
          59.2,
        ],
        [
          1915,
          59.3,
        ],
        [
          1925,
          59.8,
        ],
        [
          1935,
          59.7,
        ],
        [
          1945,
          59.8,
        ],
        [
          1955,
          60.3,
        ],
        [
          1965,
          60.7,
        ],
        [
          1975,
          61.1,
        ],
        [
          1985,
          61.1,
        ],
        [
          1995,
          60.9,
        ],
      ],
      "lineStyle": {
        "color": "#f88070",
        "opacity": 1,
        "width": 3.4,
      },
      "name": "ffn · Pool 1 average",
      "smooth": true,
      "symbol": "none",
      "type": "line",
      "z": 4,
    },
    {
      "animation": false,
      "data": [],
      "markLine": {
        "data": [
          {
            "xAxis": 12.5,
          },
        ],
        "label": {
          "color": "#f88070",
          "fontSize": 10.125,
          "formatter": "iter",
          "position": "start",
        },
        "lineStyle": {
          "color": "#f88070",
          "opacity": 0.85,
          "width": 1.5,
        },
        "silent": true,
        "symbol": [
          "none",
          "none",
        ],
      },
      "showSymbol": false,
      "silent": true,
      "type": "line",
    },
  ],
  "textStyle": {
    "color": "#cccccc",
    "fontFamily": "'Geist', Arial, sans-serif",
  },
  "tooltip": {
    "backgroundColor": "#333333",
    "borderWidth": 0,
    "renderMode": "richText",
    "textStyle": {
      "color": "#cccccc",
      "fontFamily": "'Geist', Arial, sans-serif",
      "fontSize": 13.5,
    },
    "trigger": "axis",
  },
  "xAxis": {
    "axisLabel": {
      "color": "#a0a0a0",
      "fontSize": 12.375,
    },
    "axisLine": {
      "lineStyle": {
        "color": "#3c3c3c",
      },
    },
    "name": "s",
    "nameTextStyle": {
      "color": "#a0a0a0",
      "fontSize": 11.25,
    },
    "splitLine": {
      "show": false,
    },
    "type": "value",
  },
  "yAxis": {
    "axisLabel": {
      "color": "#a0a0a0",
      "fontSize": 12.375,
    },
    "axisLine": {
      "show": false,
    },
    "axisTick": {
      "show": false,
    },
    "max": 105,
    "name": "busy %",
    "nameTextStyle": {
      "color": "#a0a0a0",
      "fontSize": 11.25,
    },
    "splitLine": {
      "lineStyle": {
        "color": "rgba(160,160,160,0.12)",
        "type": "dashed",
      },
    },
    "type": "value",
  },
}
`;
